@@@@@@@@@@@@@@@@@@@@@@@@@@@@@@@@@@@@@@@@@@@@@@@@@@@@@@@@@@@@@@@@@@@@@@@@@@@@@@@@@@@@@@@@@@@@@@@@@@@@@TTTT@@@@@@@@@@@@@@@@@@@@@@@@@@@@@@@@@@@@@@@@@@@@@@@@@@@@@@@@@@@@@@@@@@@@@@@@@@@@@
TTTTTTTTTTTTTTTTTTTTTTTTTTTTTTTTTTTTTTTTTTTTTTTTTTTTTTT@@@@TTTTTTTTTT@@@@@@TTTTTTTTTT@@@@@@TTTTTTTTTTTTTT@@@@@@@@@@@@@@TTTTTTTTTTTTTTTTTTTTTTTTTTTTTTTTTTTTTTTTTTTTTTTTTTTTTTT@@@@@@@@
T.....TTT..TTTTT..............TTT.............TTTeeeeeT@@@@TTTTTTTTTT@@@@@@TTTTTTTTTT@@@@@@T........TTTTT@@@@@@@@@@@@@@TTTTTTTeeeeeeTTTTTTTTTTTTTTTTTTTTTTTTTTTTTTTTTTTTTTTTTT@@@@@@@@
T..........TTTTTeeeeeeeeeeeeeeeeeeeeeeeeeeeeeeeeeeeeeeT@@@@TeeeeeeeeT@@@@@@TTTTTTTTTT@@@@@@TeeeeeeeeTTTTT@@@@@@@@@@@@@@TTTTTTTeeeeeeTTTTTTTTTTeeeeeeeTTTTTTTTTeeeeeeeTTTTTeeeT@@@@@@@@
TeeeeeeeeeeeeeeeeeeeeeeeeeeeeeeeeeeeeeeeeeeeeeeeeeeeeeT@TTTeeeeeeeeeTTTTTTTeTTTTTTTTTTTTTTTTeeeeeeeeeeTTT@@@@@@@@@@@@@@TeeeeeeeeeeeeeeeTTTTeeeeeeeeeeeeeTTTTeeeeeeeeeeeeeeeeeT@@@@@@@@
T......TTTTeeeeeTTTTeeeeeeeeeTTTTeeeeeeeeeeeeeeeeeeeeeT@TTTeeeeeeeeeTTTTTTTTTTTTTTTTTTTTTTTTeeeeeeeeeeTTT@@@@@@@@@@@@@@TeeeeeeeeeeeeeeeeTTTeeeeeeeeeeeeeeTTTeeeeeeeeeeeeeeeeeT@@@@@@@@
TTTeeeeTTTeeeeeeTTTTTeeeeeeeeTTTTTeeeeeeeeeeeeeeeeeeeeT@TTTeeeeeeeeeTTTTTTTeTTTeeeeeTTTTTTTTeeeeeeeeeeeeT@@@@@@@@@@@@@@TeeeeeeeeeeeeeeeeeeeeeeeeeeeeeeeeeeeeeeeeeeeeeeeeeeeeeT@@@@@@@@
TTTeeeeeeeeeeeeeeTTTTeeeeeeeeTTTTTeeeeeeeeeeeeTTTeeeeeT@TTTeeeeeeeeeeeTTTeeeeeeeeeeeeeeTTTeeeeeeeeeeeeeeT@@@@@@@@@@@@@@TeeeeeeeeeeeeeeeeeeeeeeeeeeeeeeeeeeeeeeeeeeeeeeeeeeeeeT@@@@@@@@
TTTeeeeeeeeeeeeeeTTTeeeeeeeeeTTTTTeeeeeeeeeeeeTTTeeeeTTTTTTeeeeeeeeeeeTTTeeeeeeeeeeeTTeTTTeeeeeeeeeeeeeeT@@@@@@@@@@@@@@TeeeeeeeeeeeeeeeeeeeeeeeeeeeeeeeeeeeeeeeeeeeeeeeeeeeeeT@@@@@@@@
TTTeeeeeeeeeeeeeeTTTeeeeeeeeeTTTTTeeeeeeeeeeeeTTTeeeeTTTTTTeeeeeeeeeeeTTTeeeeeeeeeTTTTeTTTeeeeeeeeeeeeeeT@@@@@@@@@@@@@@TeeeeeeeeeeeeeeeeeeeeeeeeeeeeeeeeeeeeeeeeeeeeeeeeeeeeeT@@@@@@@@
TTTeeeeeeeeeeeeeeTTTeeeeeeeeeTTTTTeeeeeeeeeeeeeeeeeeeTTTTTTeeeeeeeeeeeTTTeeeeeeeeeTTeTTTTTeeeeeeeeeeeeeeT@@@@@@@@@@@@@@TeeeeeeeeeeeeeeeeeeeeeeeeeeeeeeeeeeeeeeeeeeeeeeeeeeeeeT@@@@@@@@
TTTeeeeeeeeeeeeeeTTTeeeeeeeeeTTTTTTeeeeeeeeeeeeeeeeeeeTTTTTeeeeeeeeeeeeeeeeeeeeeeeeTTeeeeeeeeeeeeeeeeeeeT@@@@@@@@@@@@@@TeeeeeeeeeeeeeeeeeeeeeeeeeeeeeeeeeeeeeeeeeeeeeeeeeeeeeT@@@@@@@@
TeeeeeeeeeeeeeeeeTTTTTeeeeeeeTTTTTTeeeeeeeeeeeeeeeeeeeTTTTTeeeeeeeeeeeeeeeeeeeeeeeeeeeeeeeeeeeeeeeeeeeeeT@@@@@@@@@@@@@@TeeeeeeeeeeeeeeeeTTTeeeeeeeeeeeeeeeeeeeeeeeeeeeeeeeeeeT@@@@@@@@
TeeeeeeeeeeeeeeeeTTTTTeeeeeeeeTTTeeeeeeeeeeeeeeeeeeeeeTTTTTeeeeeeeeeeeeeeeeeeeeeeeeeeeeeeeeeeeeeeeeeeeeeT@@@@@@@@@@@@@@TeeeeeeeeeeeeeeeTTTTeeeeeeeeeeeeeeeeeeeeeeeeeeeeeeeeeeT@@@@@@@@
TeeeeeeTTTTTeeeeeTTTTTeeeeeeeeTTTeeeeeeeeeeeeeeeeeeeeeTTTTTeeeeeeeeeeeeeeeeeeeeeeeeeeeeeeeeeeeeeeeeeeeeeT@@@@@@@@@@@@@@TTTTTTeeeeeeeeTTTTTTeeeeeeeeeeeeeeeeeeeeeeeeeeeeeeeeeeT@@@@@@@@
TeeeeeeTTTTTeeeeeTTTTTeeeeeeeeTTTeeeeeeeeeeeeeeeeeeeeTTTTTTeeeeeeeeeeeeeeeeeeeeeeeeeeeeeeeeeeeeeeeeeeeTTT@@@@@@@@@@@@@@TTTTTTTeeeeeeTTTTTTTeeeeeeeeeeeeeeeeeeeeeeeeeeeeeeeeeTT@@@@@@@@
TTTeeeeeeeeeeeeeeTTTTTeeeeeeeeTTTeeeeeeeeeeeeeeeeeeeeTTTTTTeeeeeeeeeeeeeeeeeeeeeeeeeeeeeeeeeeeeeeeeeeeTTTTTeeTTT@@@@@@@TTTTTTTeeeeeeTTTTTTTeeeeeeeeeeeeeeeeeeeeeeeeeeeeeeeeeTT@@@@@@@@
TTTeTTTTTTTTeeeeeTTTTTeeeeeeeeTTTeeeeeeeeeeeeeeeeeeeeTTTTTTeeeeeeeeeeeeeeeeeeeeeeeeeeeeeeeeeeeeeeeeeeeeTTTTTTTTTTTTTTTTTTTTTTTeeeeeeTTTTTTTeeeeeeeeeeeeeeeeeeeeeeeeeeeeeeeeeTTTTTTeTTT
TTTeTTTTTTTTeeeeeTTTTTeeeeeeeeTTTTeeeeeeeeeeeeeeeeeeeeTTTTTeeeeeeeeeeeeeeeeeeeeeeeeeeeeeeeeeeeeeeeeeeeeeeTTTTTTTTTTTTTTTeeeeeeeeeeeeeeeeeeeeeeeeeeeeeeeeeeeeeeeeeeeeeeeeeeeeeTTTTTTTTT
TeeeTTTTTTTTeeeeeTTTeeeeeeeeeeTTTeeeeeeeeeeeeeeeeeeeeeTTTTTeeeeeeeeeeeeeeeeeeeeeeeeeeeeeeeeeeeeeeeeeeeeeeeTTTTTTTTTTTTeeeeeeeeeeeeeeeeeeeeeeeeeeeeeeeeeeeeeeeeeeeeeeeeeeeeeeeeeTTTTTTT
TeeeTTTTTeeeeeeeeeeeeeeeeeeeeeeeeeeeeeeeeeeeeeeeeeeeeeTTTTTeeeeeeeeeeeeeeeeeeeeeeeeeeeeeeeeeeeeeeeeeeeeeeeeeTTTTTTTTeeeeeeeeeeeeeeeeeeeeeeeeeeeeeeeeeeeeeeeeeeeeeeeeeeeeeeeeeeeeeTTTTT
TeeeTTTTTeeeeeeeeeeeeeeeeeeeeeeeeeeeeeeeeeeeeeeeeeeeeeTTTeeeeeeeeeeeeeeeeeeeeeeeeeeeeeeeeeeeeeeeeeeeeeeeeeeeeeeeTTTeeeeeeeeeeeeeeeeeeeeeeeeeeeeeeeeeeeeeeeeeeeeeeeeeeeeeeeeeeeeeeeTTTT
TeeeTTTTTeeeeeeeeeeeeeeeeeeeeeeeeeeeeeeeeeeeeeeeeeeeeeTTTeeeeeeeeeeeeeeeeeeeeeeeeeeeeeeeeeeeeeeeeeeeeeeeeeeeeeeeeeeeeeeeeeeeeeeeeeeeeeeeeeeeeeeeeeeeeeeeeeeeeeeeeeeeeeeeeeeeeeeeeeeeTT
TseTTTTTTeeeeeeeeeeeeeeeeeeeeeeeeeeeeeeeeeeeeeeeeeeeeeeeeeeeeeeeeeeeeeeeeeeeeeeeeeeeeeeeeeeeeeeeeeeeeeeeeeeeeeeeeeeeeeeeeeeeeeeeeeeeeeeeeeeeeeeeeeeeeeeeeeeeeeeeeeeeeeeeeeeeeeeeeeeeTT
TeeTTTTTTeeeeeeeeeeeeeeeeeeeeeeeeeeeeeeeeeeeeeeeeeeeeeeeeeeeeeeeeeeeeeeeeeeeeeeeeeeeeeeeeeeeeeeeeeeeeeeeeeeeeeeeeeeeeeeeeeeeeeeeeeeeeeeeeeeeeeeeeeeeeeeeeeeeeeeeeeeeeeeeeeeeeeeeeeeeTT
TeeTTTTTTeeeeeeeeeeeeeeeeeeeeeeeeeeeeeeeeeeeeeeeeeeeeeeeeeeeeeeeeeeeeeeeeeeeeeeeeeeeeeeeeeeeeeeeeeeeeeeeeeeeeeeeeeeeeeeeeeeeeeeeeeeeeeeeeeeeeeeeeeeeeeeeeeeeeeeeeeeeeeeeeeeeeeeeeeeeTT
TeeeTTTTTeeeeeeeeeeeeeeeeeeeeeeeeeeeeeeeeeeeeeeeeeeeeeTTTeeeeeeeeeeeeeeeeeeeeeeeeeeeeeeeeeeeeeeeeeeeeeeeeeeeeeeeeeeeeeeeeeeeeeeeeeeeeeeeeeeeeeeeeeeeeeeeeeeeeeeeeeeeeeeeeeeeeeeeeeeeTT
TeeeTTTTTeeeeeeeeeeeeeeeeeeeeeeeeeeeeeeeeeeeeeeeeeeeeeTTTeeeeeeeeeeeeeeeeeeeeeeeeeeeeeeeeeeeeeeeeeeeeeeeeeeeeeeeeeeeeeeeeeeeeeeeeeeeeeeeeeeeeeeeeeeeeeeeeeeeeeeeeeeeeeeeeeeeeeeeeeeeTT
TeeeTTTTTeTTeeeeeeeeeeeeeeeeeeeeeeeeeeeeeeeeeeeeeeeeeeTTTTTeeeeeeeeeeeeeeeeeeeeeeeeeeeeeeeeeeeeeeeeeeeeeeeeeeTTTeeeeeeeeeeeeeeeeeeeeeeeeeeeeeeeeeeeeeeeeeeeeeeeeeeeeeeeeeeeeeeeeeeeeTT
TeeeTTTTTTTTTeeeeTTTeeeeeeeeeeTTTTeeeeeeeeeeeeeeeeeeeeTTTTTeeeeeeeeeeeeeeeeeeeeeeeeeeeeeeeeeeeeeeeeeeeeeeeeeTTTTTTTTeeeeeeeeeeeeeeeeeeeeeeeeeeeeeeeeeeeeeeeeeeeeeeeeeeeeeeeeeeeeeeTTTT
TTTeTTTTTTTTeeeeeTTTeeeeeeeeeeTTTTeeeeeeeeeeeeeeeeeeeeTTTTTeeeeeeeeeeeeeeeeeeeeeeeeeeeeeeeeeeeeeeeeeeeeeeeTTTTTTTTTTTTeeeeeeeeeeeeeeeeeeeeeeeeeeeeeeeeeeeeeeeeeeeeeeeeeeeeeeeeeeTTTTTT
TTTeeeTTTTTTeeeeeTTTeeeeeeeeeeTTTTTTeeeeeeeeeeeeeeeeeTTTTTTeeeeeeeeeeeeeeeeeeeeeeeeeeeeeeeeeeeeeeeeeeeeeTTTTTTTTTTTTTTTTeeeeeeeeeeeeeeeeeeeeeeeeeeeeeeeeeeeeeeeeeeeeeeeeeeeeeeTTTTTTTT
TTTeeeeeeeeeeeeeeTTTeeeeeeeeeeTTTTTTeeeeeeeeeeeeeeeeeTTTTTTeeeeeeeeeeeeeeeeeeeeeeeeeeeeeeeeeeeeeeeeeeeTTTTTTTTTTTTTTTTTTTTTTTeeeeeeeeTTTTTeeeeeeeeeeeeeeeeeeeeeeeeeeeeeeeeeeTTTTTTTTTT
TTTeeeeeeeeeeeeeeTTTeeeeeeeeeeTTTTTeeeeeeeeeeeeeeeeeeTTTTTTeeeeeeeeeeeeeeeeeeeeeeeeeeeeeeeeeeeeeeeeeeeTTT@@@@@@@@@@@@@@TTTTTTTeeeeeeTTTTTTTeeeeeeeeeeeeeeeeeeeeeeeeeeeeeeeeeTT@@@@@@@@
TTTeeeeeeeeeeeeeeTTTeeeeeeeeeeTTTTTTTeeeeeeeeeeeeeeeeeTTTTTeeeeeeeeeeeeeeeeeeeeeeeeeeeeeeeeeeeeeeeeeeeeTT@@@@@@@@@@@@@@TTTTTTTeeeeeeTTTTTTTeeeeeeeeeeeeeeeeeeeeeeeeeeeeeeeeeTT@@@@@@@@
TTTeeeeTTTTTeeeeeTTTeeeeeeeeeeTTTTTTTeeeeeeeeeeeeeeeeeTTTTTeeeeeeeeeeeeeeeeeeeeeeeeeeeeeeeeeeeeeeeeeeeeeT@@@@@@@@@@@@@@TTTTTTTeeeeeeTTTTTTTeeeeeeeeeeeeeeeeeeeeeeeeeeeeeeeeeTT@@@@@@@@
TTTeeeeTTTTTeeeeeTTTeeeeeeeeeeTTTTTeeeeeeeeeeeeeeeeeeeTTTTTeeeeeeeeeeeeeeeeeeeeeeeeeeeeeeeeeeeeeeeeeeeeeT@@@@@@@@@@@@@@TeeeeeeeeeeeeeeeTTTTeeeeeeeeeeeeeeeeeeeeeeeeeeeeeeeeeeT@@@@@@@@
TTTeeeeeeeeeeeeeeTTTTTTeTTTTTTTTTTTTTTTTTTTTTTTeTTTTTTTTTTTeeeeeeeeeeeeeeeeeeeeeeeeeeeeeeeeeeeeeeeeeeeeeT@@@@@@@@@@@@@@TeeeeeeeeeeeeeeeeTTTeeeeeeeeeeeeeeeeeeeeeeeeeeeeeeeeeeT@@@@@@@@
TTTeeeeeeeeeeeeeeTTTTTTeTTTTTTTTTTTTTTTTTTTTTTTTTTTTTTTTTTTeeeeeeeeeeeeeeeeeeeeeeeeeeeTTTTeeeeeeeeeeeeeeT@@@@@@@@@@@@@@TeeeeeeeeeeeeeeeeeeeeeeeeeeeeeeeeeeeeeeeeeeeeeeeeeeeeeT@@@@@@@@
TTTTTTTT@@@@@@@@@@@@@@@@@@@@@@@@@@@@@@@@@@@@@@@TTTTTTTTTTTTeeeeeeeeeeeTTTeeeeeeeeeeeeeTTTTeeeeeeeeeeeeeeT@@@@@@@@@@@@@@TeeeeeeeeeeeeeeeeeeeeeeeeeeeeeeeeeeeeeeeeeeeeeeeeeeeeeT@@@@@@@@
@@@@@@@@@@@@@@@@@@@@@@@@@@@@@@@@@@@@@@@@@@@@@@@@@@@@@@@TTTTeeeeeeeeeeeTTTeeeeeeeeeeeeeTTTTeeeeeeeeeeeeeeT@@@@@@@@@@@@@@TeeeeeeeeeeeeeeeeeeeeeeeeeeeeeeeeeeeeeeeeeeeeeeeeeeeeeT@@@@@@@@
@@@@@@@@@@@@@@@@@@@@@@@@@@@@@@@@@@@@@@@@@@@@@@@@@@@@@@@@TTTeeeeeeeeeeeTTTeeeeeeeeeeeeeTTTTeeeeeeeeeeeeeeT@@@@@@@@@@@@@@TeeeeeeeeeeeeeeeeeeeeeeeeeeeeeeeeeeeeeeeeeeeeeeeeeeeeeT@@@@@@@@
@@@@@@@@@@@@@@@@@@@@@@@@@@@@@@@@@@@@@@@@@@@@@@@@@@@@@@@@TTTeeeeeeeeeeeTTTeeeTTTeeTTTeeTTTTeeeeeeeeeeeeeeT@@@@@@@@@@@@@@TeeeeeeeeeeeeeeeeeeeeeeeeeeeeeeeeeeeeeeeeeeeeeeeeeeeeeT@@@@@@@@
@@@@@@@@@@@@@@@@@@@@@@@@@@@@@@@@@@@@@@@@@@@@@@@@@@@@@@@@TTTeeeeeeeeeeeTTTeeeTTTTTTTTeeTTTTeeeeeeeeeeeeTTT@@@@@@@@@@@@@@TeeeeeeeeeeeeeeeeeeeeeeeeeeeeeeeeeeeeeeeeeeeeeeeeeeeeeT@@@@@@@@
@@@@@@@@@@@@@@@@@@@@@@@@@@@@@@@@@@@@@@@@@@@@@@@@@@@@@@@@TTTeeeeeeeeeeeTTTeeeTTTTTTTT..TTTT............TTT@@@@@@@@@@@@@@TeeeeeeeeeeeeeeeeeeeeeeeeeeeeeeeeTTT..................T@@@@@@@@
@@@@@@@@@@@@@@@@@@@@@@@@@@@@@@@@@@@@@@@@@@@@@@@@@@@@@@@@@@@..........@@@@@@.TTTTTTTT.@@@@@@...........TTT@@@@@@@@@@@@@@T...............TTTT.............TTTT.................T@@@@@@@@
@@@@@@@@@@@@@@@@@@@@@@@@@@@@@@@@@@@@@@@@@@@@@@@@@@@@@@@@@@@T........T@@@@@@TTTTTTTTTT@@@@@@T........TTTTT@@@@@@@@@@@@@@TTTTTT........TTTTTTTT........TTTTTTTTT........TTTT...T@@@@@@@@
@@@@@@@@@@@@@@@@@@@@@@@@@@@@@@@@@@@@@@@@@@@@@@@@@@@@@@@@@@@TTTTTTTTTT@@@@@@TTTTTTTTTT@@@@@@TTTTTTTTTTTTTT@@@@@@@@@@@@@@TTTTTTT......TTTTTTTTTT.......TTTTTTTTT.......TTTTT..tT@@@@@@@@
@@@@@@@@@@@@@@@@@@@@@@@@@@@@@@@@@@@@@@@@@@@@@@@@@@@@@@@@@@@TTTTTTTTTT@@@@@@TTTTTTTTTT@@@@@@TTTTTTTTTTTTTT@@@@@@@@@@@@@@TTTTTTTTTTTTTTTTTTTTTTTTTTTTTTTTTTTTTTTTTTTTTTTTTTTTTTT@@@@@@@@
@@@@@@@@@@@@@@@@@@@@@@@@@@@@@@@@@@@@@@@@@@@@@@@@@@@@@@@@@@@@@@@@@@@@@@@@@@@@@@@@@@@@@@@@@@@@@@@@@@@@@@@@@@@@@@@@@@@@@@@.TTT@@@@@@@@@@@@@@@@@@@@@@@@@@@@@@@@@@@@@@@@@@@@@@@@TTT@@@@@@@@
